nohup: 忽略输入
Loaded saved medical: 10823 samples, 10823 vectors
2_1_chemistry_domain_count_2.jsonl: retrieved 1
Loaded saved legal: 56865 samples, 56899 vectors
2_1_chemistry_domain_count_2.jsonl: retrieved 2
Loaded saved geography: 1840 samples, 1873 vectors
2_1_chemistry_domain_count_2.jsonl: retrieved 3
Loaded saved mathematics: 1022 samples, 1022 vectors
2_1_chemistry_domain_count_2.jsonl: retrieved 4
Loaded saved financial: 1023 samples, 1023 vectors
2_1_chemistry_domain_count_2.jsonl: retrieved 5
2_1_chemistry_domain_count_2.jsonl: retrieved 6
2_1_chemistry_domain_count_2.jsonl: retrieved 7
2_1_chemistry_domain_count_2.jsonl: retrieved 8
2_1_chemistry_domain_count_2.jsonl: retrieved 9
2_1_chemistry_domain_count_2.jsonl: retrieved 10
2_1_chemistry_domain_count_2.jsonl: retrieved 11
Loaded saved computer_science: 1864 samples, 1864 vectors
2_1_chemistry_domain_count_2.jsonl: retrieved 12
2_1_chemistry_domain_count_2.jsonl: retrieved 13
2_1_chemistry_domain_count_2.jsonl: retrieved 14
2_1_chemistry_domain_count_2.jsonl: retrieved 15
2_1_chemistry_domain_count_2.jsonl: retrieved 16
2_1_chemistry_domain_count_2.jsonl: retrieved 17
2_1_chemistry_domain_count_2.jsonl: retrieved 18
2_1_chemistry_domain_count_2.jsonl: retrieved 19
2_1_chemistry_domain_count_2.jsonl: retrieved 20
2_1_chemistry_domain_count_2.jsonl: retrieved 21
2_1_chemistry_domain_count_2.jsonl: retrieved 22
2_1_chemistry_domain_count_2.jsonl: retrieved 23
2_1_chemistry_domain_count_2.jsonl: retrieved 24
2_1_chemistry_domain_count_2.jsonl: retrieved 25
2_1_chemistry_domain_count_2.jsonl: retrieved 26
2_1_chemistry_domain_count_2.jsonl: retrieved 27
2_1_chemistry_domain_count_2.jsonl: retrieved 28
2_1_chemistry_domain_count_2.jsonl: retrieved 29
2_1_chemistry_domain_count_2.jsonl: retrieved 30
2_1_chemistry_domain_count_2.jsonl: retrieved 31
2_1_chemistry_domain_count_2.jsonl: retrieved 32
2_1_chemistry_domain_count_2.jsonl: retrieved 33
2_1_chemistry_domain_count_2.jsonl: retrieved 34
2_1_chemistry_domain_count_2.jsonl: retrieved 35
2_1_chemistry_domain_count_2.jsonl: retrieved 36
2_1_chemistry_domain_count_2.jsonl: retrieved 37
2_1_chemistry_domain_count_2.jsonl: retrieved 38
2_1_chemistry_domain_count_2.jsonl: retrieved 39
2_1_chemistry_domain_count_2.jsonl: retrieved 40
2_1_chemistry_domain_count_3.jsonl: retrieved 1
2_1_chemistry_domain_count_3.jsonl: retrieved 2
2_1_chemistry_domain_count_3.jsonl: retrieved 3
2_1_chemistry_domain_count_3.jsonl: retrieved 4
2_1_chemistry_domain_count_3.jsonl: retrieved 5
2_1_chemistry_domain_count_3.jsonl: retrieved 6
2_1_chemistry_domain_count_3.jsonl: retrieved 7
2_1_chemistry_domain_count_3.jsonl: retrieved 8
2_1_chemistry_domain_count_3.jsonl: retrieved 9
2_1_chemistry_domain_count_3.jsonl: retrieved 10
2_1_chemistry_domain_count_3.jsonl: retrieved 11
2_1_chemistry_domain_count_3.jsonl: retrieved 12
2_1_chemistry_domain_count_3.jsonl: retrieved 13
2_1_chemistry_domain_count_3.jsonl: retrieved 14
2_1_chemistry_domain_count_3.jsonl: retrieved 15
2_1_chemistry_domain_count_3.jsonl: retrieved 16
2_1_chemistry_domain_count_3.jsonl: retrieved 17
2_1_chemistry_domain_count_3.jsonl: retrieved 18
2_1_chemistry_domain_count_3.jsonl: retrieved 19
2_1_chemistry_domain_count_3.jsonl: retrieved 20
2_1_chemistry_domain_count_3.jsonl: retrieved 21
2_1_chemistry_domain_count_3.jsonl: retrieved 22
2_1_chemistry_domain_count_3.jsonl: retrieved 23
2_1_chemistry_domain_count_3.jsonl: retrieved 24
2_1_chemistry_domain_count_3.jsonl: retrieved 25
2_1_chemistry_domain_count_3.jsonl: retrieved 26
2_1_chemistry_domain_count_3.jsonl: retrieved 27
2_1_chemistry_domain_count_3.jsonl: retrieved 28
2_1_chemistry_domain_count_3.jsonl: retrieved 29
2_1_chemistry_domain_count_3.jsonl: retrieved 30
2_1_chemistry_domain_count_3.jsonl: retrieved 31
2_1_chemistry_domain_count_4.jsonl: retrieved 1
2_1_chemistry_domain_count_4.jsonl: retrieved 2
2_1_chemistry_domain_count_4.jsonl: retrieved 3
2_1_chemistry_domain_count_4.jsonl: retrieved 4
2_1_chemistry_domain_count_4.jsonl: retrieved 5
2_1_chemistry_domain_count_4.jsonl: retrieved 6
2_1_chemistry_domain_count_4.jsonl: retrieved 7
2_1_chemistry_domain_count_4.jsonl: retrieved 8
2_1_chemistry_domain_count_4.jsonl: retrieved 9
2_1_chemistry_domain_count_4.jsonl: retrieved 10
2_1_chemistry_domain_count_4.jsonl: retrieved 11
2_1_chemistry_domain_count_4.jsonl: retrieved 12
2_1_chemistry_domain_count_4.jsonl: retrieved 13
2_1_chemistry_domain_count_4.jsonl: retrieved 14
2_1_chemistry_domain_count_4.jsonl: retrieved 15
2_1_chemistry_domain_count_4.jsonl: retrieved 16
2_1_chemistry_domain_count_4.jsonl: retrieved 17
2_1_chemistry_domain_count_4.jsonl: retrieved 18
2_1_chemistry_domain_count_4.jsonl: retrieved 19
2_1_chemistry_domain_count_4.jsonl: retrieved 20
2_1_chemistry_domain_count_4.jsonl: retrieved 21
2_1_chemistry_domain_count_4.jsonl: retrieved 22
2_1_chemistry_domain_count_4.jsonl: retrieved 23
2_1_chemistry_domain_count_4.jsonl: retrieved 24
2_1_chemistry_domain_count_4.jsonl: retrieved 25
2_1_chemistry_domain_count_4.jsonl: retrieved 26
2_1_chemistry_domain_count_4.jsonl: retrieved 27
2_1_chemistry_domain_count_4.jsonl: retrieved 28
2_1_chemistry_domain_count_4.jsonl: retrieved 29
2_1_chemistry_domain_count_4.jsonl: retrieved 30
2_1_chemistry_domain_count_4.jsonl: retrieved 31
2_1_chemistry_domain_count_4.jsonl: retrieved 32
2_1_chemistry_domain_count_4.jsonl: retrieved 33
2_1_chemistry_domain_count_4.jsonl: retrieved 34
2_1_chemistry_domain_count_4.jsonl: retrieved 35
2_1_chemistry_domain_count_4.jsonl: retrieved 36
2_1_chemistry_domain_count_4.jsonl: retrieved 37
2_1_chemistry_domain_count_4.jsonl: retrieved 38
2_1_computer_science_domain_count_2.jsonl: retrieved 1
2_1_computer_science_domain_count_2.jsonl: retrieved 2
2_1_computer_science_domain_count_2.jsonl: retrieved 3
2_1_computer_science_domain_count_2.jsonl: retrieved 4
2_1_computer_science_domain_count_2.jsonl: retrieved 5
2_1_computer_science_domain_count_2.jsonl: retrieved 6
2_1_computer_science_domain_count_2.jsonl: retrieved 7
2_1_computer_science_domain_count_2.jsonl: retrieved 8
2_1_computer_science_domain_count_2.jsonl: retrieved 9
2_1_computer_science_domain_count_2.jsonl: retrieved 10
2_1_computer_science_domain_count_2.jsonl: retrieved 11
2_1_computer_science_domain_count_2.jsonl: retrieved 12
2_1_computer_science_domain_count_2.jsonl: retrieved 13
2_1_computer_science_domain_count_2.jsonl: retrieved 14
2_1_computer_science_domain_count_2.jsonl: retrieved 15
2_1_computer_science_domain_count_2.jsonl: retrieved 16
2_1_computer_science_domain_count_2.jsonl: retrieved 17
2_1_computer_science_domain_count_2.jsonl: retrieved 18
2_1_computer_science_domain_count_2.jsonl: retrieved 19
2_1_computer_science_domain_count_2.jsonl: retrieved 20
2_1_computer_science_domain_count_2.jsonl: retrieved 21
2_1_computer_science_domain_count_2.jsonl: retrieved 22
2_1_computer_science_domain_count_2.jsonl: retrieved 23
2_1_computer_science_domain_count_2.jsonl: retrieved 24
2_1_computer_science_domain_count_2.jsonl: retrieved 25
2_1_computer_science_domain_count_2.jsonl: retrieved 26
2_1_computer_science_domain_count_2.jsonl: retrieved 27
2_1_computer_science_domain_count_2.jsonl: retrieved 28
2_1_computer_science_domain_count_2.jsonl: retrieved 29
2_1_computer_science_domain_count_2.jsonl: retrieved 30
2_1_computer_science_domain_count_3.jsonl: retrieved 1
2_1_computer_science_domain_count_3.jsonl: retrieved 2
2_1_computer_science_domain_count_3.jsonl: retrieved 3
2_1_computer_science_domain_count_3.jsonl: retrieved 4
2_1_computer_science_domain_count_3.jsonl: retrieved 5
Loaded saved chemistry: 2222 samples, 2222 vectors
2_1_computer_science_domain_count_3.jsonl: retrieved 6
2_1_computer_science_domain_count_3.jsonl: retrieved 7
2_1_computer_science_domain_count_3.jsonl: retrieved 8
2_1_computer_science_domain_count_3.jsonl: retrieved 9
2_1_computer_science_domain_count_3.jsonl: retrieved 10
2_1_computer_science_domain_count_3.jsonl: retrieved 11
2_1_computer_science_domain_count_3.jsonl: retrieved 12
2_1_computer_science_domain_count_3.jsonl: retrieved 13
2_1_computer_science_domain_count_3.jsonl: retrieved 14
2_1_computer_science_domain_count_3.jsonl: retrieved 15
2_1_computer_science_domain_count_3.jsonl: retrieved 16
2_1_computer_science_domain_count_3.jsonl: retrieved 17
2_1_computer_science_domain_count_3.jsonl: retrieved 18
2_1_computer_science_domain_count_3.jsonl: retrieved 19
2_1_computer_science_domain_count_3.jsonl: retrieved 20
2_1_computer_science_domain_count_3.jsonl: retrieved 21
2_1_computer_science_domain_count_3.jsonl: retrieved 22
2_1_computer_science_domain_count_3.jsonl: retrieved 23
2_1_computer_science_domain_count_3.jsonl: retrieved 24
2_1_computer_science_domain_count_3.jsonl: retrieved 25
2_1_computer_science_domain_count_3.jsonl: retrieved 26
2_1_computer_science_domain_count_3.jsonl: retrieved 27
2_1_computer_science_domain_count_3.jsonl: retrieved 28
2_1_computer_science_domain_count_3.jsonl: retrieved 29
2_1_computer_science_domain_count_3.jsonl: retrieved 30
2_1_computer_science_domain_count_3.jsonl: retrieved 31
2_1_computer_science_domain_count_3.jsonl: retrieved 32
2_1_computer_science_domain_count_3.jsonl: retrieved 33
2_1_computer_science_domain_count_4.jsonl: retrieved 1
2_1_computer_science_domain_count_4.jsonl: retrieved 2
2_1_computer_science_domain_count_4.jsonl: retrieved 3
2_1_computer_science_domain_count_4.jsonl: retrieved 4
2_1_computer_science_domain_count_4.jsonl: retrieved 5
2_1_computer_science_domain_count_4.jsonl: retrieved 6
2_1_computer_science_domain_count_4.jsonl: retrieved 7
2_1_computer_science_domain_count_4.jsonl: retrieved 8
2_1_computer_science_domain_count_4.jsonl: retrieved 9
2_1_computer_science_domain_count_4.jsonl: retrieved 10
2_1_computer_science_domain_count_4.jsonl: retrieved 11
2_1_computer_science_domain_count_4.jsonl: retrieved 12
2_1_computer_science_domain_count_4.jsonl: retrieved 13
2_1_computer_science_domain_count_4.jsonl: retrieved 14
2_1_computer_science_domain_count_4.jsonl: retrieved 15
2_1_computer_science_domain_count_4.jsonl: retrieved 16
2_1_computer_science_domain_count_4.jsonl: retrieved 17
2_1_computer_science_domain_count_4.jsonl: retrieved 18
2_1_computer_science_domain_count_4.jsonl: retrieved 19
2_1_computer_science_domain_count_4.jsonl: retrieved 20
2_1_computer_science_domain_count_4.jsonl: retrieved 21
2_1_computer_science_domain_count_4.jsonl: retrieved 22
2_1_computer_science_domain_count_4.jsonl: retrieved 23
2_1_computer_science_domain_count_4.jsonl: retrieved 24
2_1_computer_science_domain_count_4.jsonl: retrieved 25
2_1_computer_science_domain_count_4.jsonl: retrieved 26
2_1_computer_science_domain_count_4.jsonl: retrieved 27
2_1_computer_science_domain_count_4.jsonl: retrieved 28
2_1_computer_science_domain_count_4.jsonl: retrieved 29
2_1_computer_science_domain_count_4.jsonl: retrieved 30
2_1_computer_science_domain_count_4.jsonl: retrieved 31
2_1_computer_science_domain_count_4.jsonl: retrieved 32
2_1_computer_science_domain_count_4.jsonl: retrieved 33
2_1_computer_science_domain_count_4.jsonl: retrieved 34
2_1_computer_science_domain_count_4.jsonl: retrieved 35
2_1_computer_science_domain_count_4.jsonl: retrieved 36
2_1_financial_domain_count_2.jsonl: retrieved 1
2_1_financial_domain_count_2.jsonl: retrieved 2
2_1_financial_domain_count_2.jsonl: retrieved 3
2_1_financial_domain_count_2.jsonl: retrieved 4
2_1_financial_domain_count_2.jsonl: retrieved 5
2_1_financial_domain_count_2.jsonl: retrieved 6
2_1_financial_domain_count_2.jsonl: retrieved 7
2_1_financial_domain_count_2.jsonl: retrieved 8
2_1_financial_domain_count_2.jsonl: retrieved 9
2_1_financial_domain_count_2.jsonl: retrieved 10
2_1_financial_domain_count_2.jsonl: retrieved 11
2_1_financial_domain_count_2.jsonl: retrieved 12
2_1_financial_domain_count_2.jsonl: retrieved 13
2_1_financial_domain_count_2.jsonl: retrieved 14
2_1_financial_domain_count_2.jsonl: retrieved 15
2_1_financial_domain_count_2.jsonl: retrieved 16
2_1_financial_domain_count_2.jsonl: retrieved 17
2_1_financial_domain_count_2.jsonl: retrieved 18
2_1_financial_domain_count_2.jsonl: retrieved 19
2_1_financial_domain_count_2.jsonl: retrieved 20
2_1_financial_domain_count_2.jsonl: retrieved 21
2_1_financial_domain_count_2.jsonl: retrieved 22
2_1_financial_domain_count_2.jsonl: retrieved 23
2_1_financial_domain_count_2.jsonl: retrieved 24
2_1_financial_domain_count_2.jsonl: retrieved 25
2_1_financial_domain_count_2.jsonl: retrieved 26
2_1_financial_domain_count_2.jsonl: retrieved 27
2_1_financial_domain_count_2.jsonl: retrieved 28
2_1_financial_domain_count_2.jsonl: retrieved 29
2_1_financial_domain_count_2.jsonl: retrieved 30
2_1_financial_domain_count_2.jsonl: retrieved 31
2_1_financial_domain_count_2.jsonl: retrieved 32
2_1_financial_domain_count_3.jsonl: retrieved 1
2_1_financial_domain_count_3.jsonl: retrieved 2
2_1_financial_domain_count_3.jsonl: retrieved 3
2_1_financial_domain_count_3.jsonl: retrieved 4
2_1_financial_domain_count_3.jsonl: retrieved 5
2_1_financial_domain_count_3.jsonl: retrieved 6
2_1_financial_domain_count_3.jsonl: retrieved 7
2_1_financial_domain_count_3.jsonl: retrieved 8
2_1_financial_domain_count_3.jsonl: retrieved 9
2_1_financial_domain_count_3.jsonl: retrieved 10
2_1_financial_domain_count_3.jsonl: retrieved 11
2_1_financial_domain_count_3.jsonl: retrieved 12
2_1_financial_domain_count_3.jsonl: retrieved 13
2_1_financial_domain_count_3.jsonl: retrieved 14
2_1_financial_domain_count_3.jsonl: retrieved 15
2_1_financial_domain_count_3.jsonl: retrieved 16
2_1_financial_domain_count_3.jsonl: retrieved 17
2_1_financial_domain_count_3.jsonl: retrieved 18
2_1_financial_domain_count_3.jsonl: retrieved 19
2_1_financial_domain_count_3.jsonl: retrieved 20
2_1_financial_domain_count_3.jsonl: retrieved 21
2_1_financial_domain_count_3.jsonl: retrieved 22
2_1_financial_domain_count_3.jsonl: retrieved 23
2_1_financial_domain_count_3.jsonl: retrieved 24
2_1_financial_domain_count_3.jsonl: retrieved 25
2_1_financial_domain_count_3.jsonl: retrieved 26
2_1_financial_domain_count_3.jsonl: retrieved 27
2_1_financial_domain_count_3.jsonl: retrieved 28
2_1_financial_domain_count_3.jsonl: retrieved 29
2_1_financial_domain_count_3.jsonl: retrieved 30
2_1_financial_domain_count_4.jsonl: retrieved 1
2_1_financial_domain_count_4.jsonl: retrieved 2
2_1_financial_domain_count_4.jsonl: retrieved 3
2_1_financial_domain_count_4.jsonl: retrieved 4
2_1_financial_domain_count_4.jsonl: retrieved 5
2_1_financial_domain_count_4.jsonl: retrieved 6
2_1_financial_domain_count_4.jsonl: retrieved 7
2_1_financial_domain_count_4.jsonl: retrieved 8
2_1_financial_domain_count_4.jsonl: retrieved 9
2_1_financial_domain_count_4.jsonl: retrieved 10
2_1_financial_domain_count_4.jsonl: retrieved 11
2_1_financial_domain_count_4.jsonl: retrieved 12
2_1_financial_domain_count_4.jsonl: retrieved 13
2_1_financial_domain_count_4.jsonl: retrieved 14
2_1_financial_domain_count_4.jsonl: retrieved 15
2_1_financial_domain_count_4.jsonl: retrieved 16
2_1_financial_domain_count_4.jsonl: retrieved 17
2_1_financial_domain_count_4.jsonl: retrieved 18
2_1_financial_domain_count_4.jsonl: retrieved 19
2_1_financial_domain_count_4.jsonl: retrieved 20
2_1_financial_domain_count_4.jsonl: retrieved 21
2_1_financial_domain_count_4.jsonl: retrieved 22
2_1_financial_domain_count_4.jsonl: retrieved 23
2_1_financial_domain_count_4.jsonl: retrieved 24
2_1_financial_domain_count_4.jsonl: retrieved 25
2_1_financial_domain_count_4.jsonl: retrieved 26
2_1_financial_domain_count_4.jsonl: retrieved 27
2_1_financial_domain_count_4.jsonl: retrieved 28
2_1_financial_domain_count_4.jsonl: retrieved 29
2_1_financial_domain_count_4.jsonl: retrieved 30
2_1_financial_domain_count_4.jsonl: retrieved 31
2_1_financial_domain_count_4.jsonl: retrieved 32
2_1_financial_domain_count_4.jsonl: retrieved 33
2_1_financial_domain_count_4.jsonl: retrieved 34
2_1_financial_domain_count_4.jsonl: retrieved 35
2_1_financial_domain_count_4.jsonl: retrieved 36
2_1_financial_domain_count_4.jsonl: retrieved 37
2_1_financial_domain_count_4.jsonl: retrieved 38
2_1_geography_domain_count_2.jsonl: retrieved 1
2_1_geography_domain_count_2.jsonl: retrieved 2
2_1_geography_domain_count_2.jsonl: retrieved 3
2_1_geography_domain_count_2.jsonl: retrieved 4
2_1_geography_domain_count_2.jsonl: retrieved 5
2_1_geography_domain_count_2.jsonl: retrieved 6
2_1_geography_domain_count_2.jsonl: retrieved 7
2_1_geography_domain_count_2.jsonl: retrieved 8
2_1_geography_domain_count_2.jsonl: retrieved 9
2_1_geography_domain_count_2.jsonl: retrieved 10
2_1_geography_domain_count_2.jsonl: retrieved 11
2_1_geography_domain_count_2.jsonl: retrieved 12
2_1_geography_domain_count_2.jsonl: retrieved 13
2_1_geography_domain_count_2.jsonl: retrieved 14
2_1_geography_domain_count_2.jsonl: retrieved 15
2_1_geography_domain_count_2.jsonl: retrieved 16
2_1_geography_domain_count_2.jsonl: retrieved 17
2_1_geography_domain_count_2.jsonl: retrieved 18
2_1_geography_domain_count_2.jsonl: retrieved 19
2_1_geography_domain_count_2.jsonl: retrieved 20
2_1_geography_domain_count_2.jsonl: retrieved 21
2_1_geography_domain_count_2.jsonl: retrieved 22
2_1_geography_domain_count_2.jsonl: retrieved 23
2_1_geography_domain_count_2.jsonl: retrieved 24
2_1_geography_domain_count_2.jsonl: retrieved 25
2_1_geography_domain_count_2.jsonl: retrieved 26
2_1_geography_domain_count_2.jsonl: retrieved 27
2_1_geography_domain_count_2.jsonl: retrieved 28
2_1_geography_domain_count_2.jsonl: retrieved 29
2_1_geography_domain_count_2.jsonl: retrieved 30
2_1_geography_domain_count_2.jsonl: retrieved 31
2_1_geography_domain_count_2.jsonl: retrieved 32
2_1_geography_domain_count_2.jsonl: retrieved 33
2_1_geography_domain_count_2.jsonl: retrieved 34
2_1_geography_domain_count_2.jsonl: retrieved 35
2_1_geography_domain_count_2.jsonl: retrieved 36
2_1_geography_domain_count_2.jsonl: retrieved 37
2_1_geography_domain_count_2.jsonl: retrieved 38
2_1_geography_domain_count_2.jsonl: retrieved 39
2_1_geography_domain_count_2.jsonl: retrieved 40
2_1_geography_domain_count_2.jsonl: retrieved 41
2_1_geography_domain_count_3.jsonl: retrieved 1
2_1_geography_domain_count_3.jsonl: retrieved 2
2_1_geography_domain_count_3.jsonl: retrieved 3
2_1_geography_domain_count_3.jsonl: retrieved 4
2_1_geography_domain_count_3.jsonl: retrieved 5
2_1_geography_domain_count_3.jsonl: retrieved 6
2_1_geography_domain_count_3.jsonl: retrieved 7
2_1_geography_domain_count_3.jsonl: retrieved 8
2_1_geography_domain_count_3.jsonl: retrieved 9
2_1_geography_domain_count_3.jsonl: retrieved 10
2_1_geography_domain_count_3.jsonl: retrieved 11
2_1_geography_domain_count_3.jsonl: retrieved 12
2_1_geography_domain_count_3.jsonl: retrieved 13
2_1_geography_domain_count_3.jsonl: retrieved 14
2_1_geography_domain_count_3.jsonl: retrieved 15
2_1_geography_domain_count_3.jsonl: retrieved 16
2_1_geography_domain_count_3.jsonl: retrieved 17
2_1_geography_domain_count_3.jsonl: retrieved 18
2_1_geography_domain_count_3.jsonl: retrieved 19
2_1_geography_domain_count_3.jsonl: retrieved 20
2_1_geography_domain_count_3.jsonl: retrieved 21
2_1_geography_domain_count_3.jsonl: retrieved 22
2_1_geography_domain_count_3.jsonl: retrieved 23
2_1_geography_domain_count_3.jsonl: retrieved 24
2_1_geography_domain_count_3.jsonl: retrieved 25
2_1_geography_domain_count_3.jsonl: retrieved 26
2_1_geography_domain_count_3.jsonl: retrieved 27
2_1_geography_domain_count_3.jsonl: retrieved 28
2_1_geography_domain_count_3.jsonl: retrieved 29
2_1_geography_domain_count_3.jsonl: retrieved 30
2_1_geography_domain_count_3.jsonl: retrieved 31
2_1_geography_domain_count_3.jsonl: retrieved 32
2_1_geography_domain_count_3.jsonl: retrieved 33
2_1_geography_domain_count_3.jsonl: retrieved 34
2_1_geography_domain_count_3.jsonl: retrieved 35
2_1_geography_domain_count_4.jsonl: retrieved 1
2_1_geography_domain_count_4.jsonl: retrieved 2
2_1_geography_domain_count_4.jsonl: retrieved 3
2_1_geography_domain_count_4.jsonl: retrieved 4
2_1_geography_domain_count_4.jsonl: retrieved 5
2_1_geography_domain_count_4.jsonl: retrieved 6
2_1_geography_domain_count_4.jsonl: retrieved 7
2_1_geography_domain_count_4.jsonl: retrieved 8
2_1_geography_domain_count_4.jsonl: retrieved 9
2_1_geography_domain_count_4.jsonl: retrieved 10
2_1_geography_domain_count_4.jsonl: retrieved 11
2_1_geography_domain_count_4.jsonl: retrieved 12
2_1_geography_domain_count_4.jsonl: retrieved 13
2_1_geography_domain_count_4.jsonl: retrieved 14
2_1_geography_domain_count_4.jsonl: retrieved 15
2_1_geography_domain_count_4.jsonl: retrieved 16
2_1_geography_domain_count_4.jsonl: retrieved 17
2_1_geography_domain_count_4.jsonl: retrieved 18
2_1_geography_domain_count_4.jsonl: retrieved 19
2_1_geography_domain_count_4.jsonl: retrieved 20
2_1_geography_domain_count_4.jsonl: retrieved 21
2_1_geography_domain_count_4.jsonl: retrieved 22
2_1_geography_domain_count_4.jsonl: retrieved 23
2_1_geography_domain_count_4.jsonl: retrieved 24
2_1_geography_domain_count_4.jsonl: retrieved 25
2_1_geography_domain_count_4.jsonl: retrieved 26
2_1_geography_domain_count_4.jsonl: retrieved 27
2_1_geography_domain_count_4.jsonl: retrieved 28
2_1_geography_domain_count_4.jsonl: retrieved 29
2_1_geography_domain_count_4.jsonl: retrieved 30
2_1_geography_domain_count_4.jsonl: retrieved 31
2_1_geography_domain_count_4.jsonl: retrieved 32
2_1_geography_domain_count_4.jsonl: retrieved 33
2_1_geography_domain_count_4.jsonl: retrieved 34
2_1_geography_domain_count_4.jsonl: retrieved 35
2_1_geography_domain_count_4.jsonl: retrieved 36
2_1_geography_domain_count_4.jsonl: retrieved 37
2_1_geography_domain_count_4.jsonl: retrieved 38
2_1_geography_domain_count_4.jsonl: retrieved 39
2_1_legal_domain_count_2.jsonl: retrieved 1
2_1_legal_domain_count_2.jsonl: retrieved 2
2_1_legal_domain_count_2.jsonl: retrieved 3
2_1_legal_domain_count_2.jsonl: retrieved 4
2_1_legal_domain_count_2.jsonl: retrieved 5
2_1_legal_domain_count_2.jsonl: retrieved 6
2_1_legal_domain_count_2.jsonl: retrieved 7
2_1_legal_domain_count_2.jsonl: retrieved 8
2_1_legal_domain_count_2.jsonl: retrieved 9
2_1_legal_domain_count_2.jsonl: retrieved 10
2_1_legal_domain_count_2.jsonl: retrieved 11
2_1_legal_domain_count_2.jsonl: retrieved 12
2_1_legal_domain_count_2.jsonl: retrieved 13
2_1_legal_domain_count_2.jsonl: retrieved 14
2_1_legal_domain_count_2.jsonl: retrieved 15
2_1_legal_domain_count_2.jsonl: retrieved 16
2_1_legal_domain_count_2.jsonl: retrieved 17
2_1_legal_domain_count_2.jsonl: retrieved 18
2_1_legal_domain_count_2.jsonl: retrieved 19
2_1_legal_domain_count_2.jsonl: retrieved 20
2_1_legal_domain_count_2.jsonl: retrieved 21
2_1_legal_domain_count_2.jsonl: retrieved 22
2_1_legal_domain_count_2.jsonl: retrieved 23
2_1_legal_domain_count_2.jsonl: retrieved 24
2_1_legal_domain_count_2.jsonl: retrieved 25
2_1_legal_domain_count_2.jsonl: retrieved 26
2_1_legal_domain_count_2.jsonl: retrieved 27
2_1_legal_domain_count_2.jsonl: retrieved 28
2_1_legal_domain_count_2.jsonl: retrieved 29
2_1_legal_domain_count_2.jsonl: retrieved 30
2_1_legal_domain_count_2.jsonl: retrieved 31
2_1_legal_domain_count_3.jsonl: retrieved 1
2_1_legal_domain_count_3.jsonl: retrieved 2
2_1_legal_domain_count_3.jsonl: retrieved 3
2_1_legal_domain_count_3.jsonl: retrieved 4
2_1_legal_domain_count_3.jsonl: retrieved 5
2_1_legal_domain_count_3.jsonl: retrieved 6
2_1_legal_domain_count_3.jsonl: retrieved 7
2_1_legal_domain_count_3.jsonl: retrieved 8
2_1_legal_domain_count_3.jsonl: retrieved 9
2_1_legal_domain_count_3.jsonl: retrieved 10
2_1_legal_domain_count_3.jsonl: retrieved 11
2_1_legal_domain_count_3.jsonl: retrieved 12
2_1_legal_domain_count_3.jsonl: retrieved 13
2_1_legal_domain_count_3.jsonl: retrieved 14
2_1_legal_domain_count_3.jsonl: retrieved 15
2_1_legal_domain_count_3.jsonl: retrieved 16
2_1_legal_domain_count_3.jsonl: retrieved 17
2_1_legal_domain_count_3.jsonl: retrieved 18
2_1_legal_domain_count_3.jsonl: retrieved 19
2_1_legal_domain_count_3.jsonl: retrieved 20
2_1_legal_domain_count_3.jsonl: retrieved 21
2_1_legal_domain_count_3.jsonl: retrieved 22
2_1_legal_domain_count_3.jsonl: retrieved 23
2_1_legal_domain_count_3.jsonl: retrieved 24
2_1_legal_domain_count_3.jsonl: retrieved 25
2_1_legal_domain_count_3.jsonl: retrieved 26
2_1_legal_domain_count_3.jsonl: retrieved 27
2_1_legal_domain_count_3.jsonl: retrieved 28
2_1_legal_domain_count_3.jsonl: retrieved 29
2_1_legal_domain_count_3.jsonl: retrieved 30
2_1_legal_domain_count_4.jsonl: retrieved 1
2_1_legal_domain_count_4.jsonl: retrieved 2
2_1_legal_domain_count_4.jsonl: retrieved 3
2_1_legal_domain_count_4.jsonl: retrieved 4
2_1_legal_domain_count_4.jsonl: retrieved 5
2_1_legal_domain_count_4.jsonl: retrieved 6
2_1_legal_domain_count_4.jsonl: retrieved 7
2_1_legal_domain_count_4.jsonl: retrieved 8
2_1_legal_domain_count_4.jsonl: retrieved 9
2_1_legal_domain_count_4.jsonl: retrieved 10
2_1_legal_domain_count_4.jsonl: retrieved 11
2_1_legal_domain_count_4.jsonl: retrieved 12
2_1_legal_domain_count_4.jsonl: retrieved 13
2_1_legal_domain_count_4.jsonl: retrieved 14
2_1_legal_domain_count_4.jsonl: retrieved 15
2_1_legal_domain_count_4.jsonl: retrieved 16
2_1_legal_domain_count_4.jsonl: retrieved 17
2_1_legal_domain_count_4.jsonl: retrieved 18
2_1_legal_domain_count_4.jsonl: retrieved 19
2_1_legal_domain_count_4.jsonl: retrieved 20
2_1_legal_domain_count_4.jsonl: retrieved 21
2_1_legal_domain_count_4.jsonl: retrieved 22
2_1_legal_domain_count_4.jsonl: retrieved 23
2_1_legal_domain_count_4.jsonl: retrieved 24
2_1_legal_domain_count_4.jsonl: retrieved 25
2_1_legal_domain_count_4.jsonl: retrieved 26
2_1_legal_domain_count_4.jsonl: retrieved 27
2_1_legal_domain_count_4.jsonl: retrieved 28
2_1_legal_domain_count_4.jsonl: retrieved 29
2_1_legal_domain_count_4.jsonl: retrieved 30
2_1_legal_domain_count_4.jsonl: retrieved 31
2_1_legal_domain_count_4.jsonl: retrieved 32
2_1_legal_domain_count_4.jsonl: retrieved 33
2_1_legal_domain_count_4.jsonl: retrieved 34
2_1_mathematics_domain_count_2.jsonl: retrieved 1
2_1_mathematics_domain_count_2.jsonl: retrieved 2
2_1_mathematics_domain_count_2.jsonl: retrieved 3
2_1_mathematics_domain_count_2.jsonl: retrieved 4
2_1_mathematics_domain_count_2.jsonl: retrieved 5
2_1_mathematics_domain_count_2.jsonl: retrieved 6
2_1_mathematics_domain_count_2.jsonl: retrieved 7
2_1_mathematics_domain_count_2.jsonl: retrieved 8
2_1_mathematics_domain_count_2.jsonl: retrieved 9
2_1_mathematics_domain_count_2.jsonl: retrieved 10
2_1_mathematics_domain_count_2.jsonl: retrieved 11
2_1_mathematics_domain_count_2.jsonl: retrieved 12
2_1_mathematics_domain_count_2.jsonl: retrieved 13
2_1_mathematics_domain_count_2.jsonl: retrieved 14
2_1_mathematics_domain_count_2.jsonl: retrieved 15
2_1_mathematics_domain_count_2.jsonl: retrieved 16
2_1_mathematics_domain_count_2.jsonl: retrieved 17
2_1_mathematics_domain_count_2.jsonl: retrieved 18
2_1_mathematics_domain_count_2.jsonl: retrieved 19
2_1_mathematics_domain_count_2.jsonl: retrieved 20
2_1_mathematics_domain_count_2.jsonl: retrieved 21
2_1_mathematics_domain_count_2.jsonl: retrieved 22
2_1_mathematics_domain_count_2.jsonl: retrieved 23
2_1_mathematics_domain_count_2.jsonl: retrieved 24
2_1_mathematics_domain_count_2.jsonl: retrieved 25
2_1_mathematics_domain_count_2.jsonl: retrieved 26
2_1_mathematics_domain_count_2.jsonl: retrieved 27
2_1_mathematics_domain_count_2.jsonl: retrieved 28
2_1_mathematics_domain_count_2.jsonl: retrieved 29
2_1_mathematics_domain_count_2.jsonl: retrieved 30
2_1_mathematics_domain_count_2.jsonl: retrieved 31
2_1_mathematics_domain_count_2.jsonl: retrieved 32
2_1_mathematics_domain_count_2.jsonl: retrieved 33
2_1_mathematics_domain_count_2.jsonl: retrieved 34
2_1_mathematics_domain_count_2.jsonl: retrieved 35
2_1_mathematics_domain_count_2.jsonl: retrieved 36
2_1_mathematics_domain_count_2.jsonl: retrieved 37
2_1_mathematics_domain_count_3.jsonl: retrieved 1
2_1_mathematics_domain_count_3.jsonl: retrieved 2
2_1_mathematics_domain_count_3.jsonl: retrieved 3
2_1_mathematics_domain_count_3.jsonl: retrieved 4
2_1_mathematics_domain_count_3.jsonl: retrieved 5
2_1_mathematics_domain_count_3.jsonl: retrieved 6
2_1_mathematics_domain_count_3.jsonl: retrieved 7
2_1_mathematics_domain_count_3.jsonl: retrieved 8
2_1_mathematics_domain_count_3.jsonl: retrieved 9
2_1_mathematics_domain_count_3.jsonl: retrieved 10
2_1_mathematics_domain_count_3.jsonl: retrieved 11
2_1_mathematics_domain_count_3.jsonl: retrieved 12
2_1_mathematics_domain_count_3.jsonl: retrieved 13
2_1_mathematics_domain_count_3.jsonl: retrieved 14
2_1_mathematics_domain_count_3.jsonl: retrieved 15
2_1_mathematics_domain_count_3.jsonl: retrieved 16
2_1_mathematics_domain_count_3.jsonl: retrieved 17
2_1_mathematics_domain_count_3.jsonl: retrieved 18
2_1_mathematics_domain_count_3.jsonl: retrieved 19
2_1_mathematics_domain_count_3.jsonl: retrieved 20
2_1_mathematics_domain_count_3.jsonl: retrieved 21
2_1_mathematics_domain_count_3.jsonl: retrieved 22
2_1_mathematics_domain_count_3.jsonl: retrieved 23
2_1_mathematics_domain_count_3.jsonl: retrieved 24
2_1_mathematics_domain_count_3.jsonl: retrieved 25
2_1_mathematics_domain_count_3.jsonl: retrieved 26
2_1_mathematics_domain_count_3.jsonl: retrieved 27
2_1_mathematics_domain_count_3.jsonl: retrieved 28
2_1_mathematics_domain_count_3.jsonl: retrieved 29
2_1_mathematics_domain_count_3.jsonl: retrieved 30
2_1_mathematics_domain_count_3.jsonl: retrieved 31
2_1_mathematics_domain_count_4.jsonl: retrieved 1
2_1_mathematics_domain_count_4.jsonl: retrieved 2
2_1_mathematics_domain_count_4.jsonl: retrieved 3
2_1_mathematics_domain_count_4.jsonl: retrieved 4
2_1_mathematics_domain_count_4.jsonl: retrieved 5
2_1_mathematics_domain_count_4.jsonl: retrieved 6
2_1_mathematics_domain_count_4.jsonl: retrieved 7
2_1_mathematics_domain_count_4.jsonl: retrieved 8
2_1_mathematics_domain_count_4.jsonl: retrieved 9
2_1_mathematics_domain_count_4.jsonl: retrieved 10
2_1_mathematics_domain_count_4.jsonl: retrieved 11
2_1_mathematics_domain_count_4.jsonl: retrieved 12
2_1_mathematics_domain_count_4.jsonl: retrieved 13
2_1_mathematics_domain_count_4.jsonl: retrieved 14
2_1_mathematics_domain_count_4.jsonl: retrieved 15
2_1_mathematics_domain_count_4.jsonl: retrieved 16
2_1_mathematics_domain_count_4.jsonl: retrieved 17
2_1_mathematics_domain_count_4.jsonl: retrieved 18
2_1_mathematics_domain_count_4.jsonl: retrieved 19
2_1_mathematics_domain_count_4.jsonl: retrieved 20
2_1_mathematics_domain_count_4.jsonl: retrieved 21
2_1_mathematics_domain_count_4.jsonl: retrieved 22
2_1_mathematics_domain_count_4.jsonl: retrieved 23
2_1_mathematics_domain_count_4.jsonl: retrieved 24
2_1_mathematics_domain_count_4.jsonl: retrieved 25
2_1_mathematics_domain_count_4.jsonl: retrieved 26
2_1_mathematics_domain_count_4.jsonl: retrieved 27
2_1_mathematics_domain_count_4.jsonl: retrieved 28
2_1_mathematics_domain_count_4.jsonl: retrieved 29
2_1_mathematics_domain_count_4.jsonl: retrieved 30
2_1_mathematics_domain_count_4.jsonl: retrieved 31
2_1_mathematics_domain_count_4.jsonl: retrieved 32
2_1_mathematics_domain_count_4.jsonl: retrieved 33
2_1_mathematics_domain_count_4.jsonl: retrieved 34
2_1_medical_domain_count_2.jsonl: retrieved 1
2_1_medical_domain_count_2.jsonl: retrieved 2
2_1_medical_domain_count_2.jsonl: retrieved 3
2_1_medical_domain_count_2.jsonl: retrieved 4
2_1_medical_domain_count_2.jsonl: retrieved 5
2_1_medical_domain_count_2.jsonl: retrieved 6
2_1_medical_domain_count_2.jsonl: retrieved 7
2_1_medical_domain_count_2.jsonl: retrieved 8
2_1_medical_domain_count_2.jsonl: retrieved 9
2_1_medical_domain_count_2.jsonl: retrieved 10
2_1_medical_domain_count_2.jsonl: retrieved 11
2_1_medical_domain_count_2.jsonl: retrieved 12
2_1_medical_domain_count_2.jsonl: retrieved 13
2_1_medical_domain_count_2.jsonl: retrieved 14
2_1_medical_domain_count_2.jsonl: retrieved 15
2_1_medical_domain_count_2.jsonl: retrieved 16
2_1_medical_domain_count_2.jsonl: retrieved 17
2_1_medical_domain_count_2.jsonl: retrieved 18
2_1_medical_domain_count_2.jsonl: retrieved 19
2_1_medical_domain_count_2.jsonl: retrieved 20
2_1_medical_domain_count_2.jsonl: retrieved 21
2_1_medical_domain_count_2.jsonl: retrieved 22
2_1_medical_domain_count_2.jsonl: retrieved 23
2_1_medical_domain_count_2.jsonl: retrieved 24
2_1_medical_domain_count_2.jsonl: retrieved 25
2_1_medical_domain_count_2.jsonl: retrieved 26
2_1_medical_domain_count_2.jsonl: retrieved 27
2_1_medical_domain_count_2.jsonl: retrieved 28
2_1_medical_domain_count_2.jsonl: retrieved 29
2_1_medical_domain_count_2.jsonl: retrieved 30
2_1_medical_domain_count_2.jsonl: retrieved 31
2_1_medical_domain_count_2.jsonl: retrieved 32
2_1_medical_domain_count_2.jsonl: retrieved 33
2_1_medical_domain_count_2.jsonl: retrieved 34
2_1_medical_domain_count_2.jsonl: retrieved 35
2_1_medical_domain_count_3.jsonl: retrieved 1
2_1_medical_domain_count_3.jsonl: retrieved 2
2_1_medical_domain_count_3.jsonl: retrieved 3
2_1_medical_domain_count_3.jsonl: retrieved 4
2_1_medical_domain_count_3.jsonl: retrieved 5
2_1_medical_domain_count_3.jsonl: retrieved 6
2_1_medical_domain_count_3.jsonl: retrieved 7
2_1_medical_domain_count_3.jsonl: retrieved 8
2_1_medical_domain_count_3.jsonl: retrieved 9
2_1_medical_domain_count_3.jsonl: retrieved 10
2_1_medical_domain_count_3.jsonl: retrieved 11
2_1_medical_domain_count_3.jsonl: retrieved 12
2_1_medical_domain_count_3.jsonl: retrieved 13
2_1_medical_domain_count_3.jsonl: retrieved 14
2_1_medical_domain_count_3.jsonl: retrieved 15
2_1_medical_domain_count_3.jsonl: retrieved 16
2_1_medical_domain_count_3.jsonl: retrieved 17
2_1_medical_domain_count_3.jsonl: retrieved 18
2_1_medical_domain_count_3.jsonl: retrieved 19
2_1_medical_domain_count_3.jsonl: retrieved 20
2_1_medical_domain_count_3.jsonl: retrieved 21
2_1_medical_domain_count_3.jsonl: retrieved 22
2_1_medical_domain_count_3.jsonl: retrieved 23
2_1_medical_domain_count_3.jsonl: retrieved 24
2_1_medical_domain_count_3.jsonl: retrieved 25
2_1_medical_domain_count_3.jsonl: retrieved 26
2_1_medical_domain_count_3.jsonl: retrieved 27
2_1_medical_domain_count_3.jsonl: retrieved 28
2_1_medical_domain_count_3.jsonl: retrieved 29
2_1_medical_domain_count_3.jsonl: retrieved 30
2_1_medical_domain_count_4.jsonl: retrieved 1
2_1_medical_domain_count_4.jsonl: retrieved 2
2_1_medical_domain_count_4.jsonl: retrieved 3
2_1_medical_domain_count_4.jsonl: retrieved 4
2_1_medical_domain_count_4.jsonl: retrieved 5
2_1_medical_domain_count_4.jsonl: retrieved 6
2_1_medical_domain_count_4.jsonl: retrieved 7
2_1_medical_domain_count_4.jsonl: retrieved 8
2_1_medical_domain_count_4.jsonl: retrieved 9
2_1_medical_domain_count_4.jsonl: retrieved 10
2_1_medical_domain_count_4.jsonl: retrieved 11
2_1_medical_domain_count_4.jsonl: retrieved 12
2_1_medical_domain_count_4.jsonl: retrieved 13
2_1_medical_domain_count_4.jsonl: retrieved 14
2_1_medical_domain_count_4.jsonl: retrieved 15
2_1_medical_domain_count_4.jsonl: retrieved 16
2_1_medical_domain_count_4.jsonl: retrieved 17
2_1_medical_domain_count_4.jsonl: retrieved 18
2_1_medical_domain_count_4.jsonl: retrieved 19
2_1_medical_domain_count_4.jsonl: retrieved 20
2_1_medical_domain_count_4.jsonl: retrieved 21
2_1_medical_domain_count_4.jsonl: retrieved 22
2_1_medical_domain_count_4.jsonl: retrieved 23
2_1_medical_domain_count_4.jsonl: retrieved 24
2_1_medical_domain_count_4.jsonl: retrieved 25
2_1_medical_domain_count_4.jsonl: retrieved 26
2_1_medical_domain_count_4.jsonl: retrieved 27
2_1_medical_domain_count_4.jsonl: retrieved 28
2_1_medical_domain_count_4.jsonl: retrieved 29
2_1_medical_domain_count_4.jsonl: retrieved 30
2_1_medical_domain_count_4.jsonl: retrieved 31
2_1_medical_domain_count_4.jsonl: retrieved 32
2_1_medical_domain_count_4.jsonl: retrieved 33
2_1_medical_domain_count_4.jsonl: retrieved 34
2_1_medical_domain_count_4.jsonl: retrieved 35
2_1_medical_domain_count_4.jsonl: retrieved 36
2_1_medical_domain_count_4.jsonl: retrieved 37
{"input": "/mnt/data1/wangyatong/cross-x/knowledge/pipelines/../results_5.5/2_generate_knowledge_queries/2_1_chemistry_domain_count_2.jsonl", "output": "/mnt/data1/wangyatong/cross-x/knowledge/pipelines/../results_5.5/3_retrieve_knowledge/3_2_1_chemistry_domain_count_2.jsonl", "rows": 40}
{"input": "/mnt/data1/wangyatong/cross-x/knowledge/pipelines/../results_5.5/2_generate_knowledge_queries/2_1_chemistry_domain_count_3.jsonl", "output": "/mnt/data1/wangyatong/cross-x/knowledge/pipelines/../results_5.5/3_retrieve_knowledge/3_2_1_chemistry_domain_count_3.jsonl", "rows": 31}
{"input": "/mnt/data1/wangyatong/cross-x/knowledge/pipelines/../results_5.5/2_generate_knowledge_queries/2_1_chemistry_domain_count_4.jsonl", "output": "/mnt/data1/wangyatong/cross-x/knowledge/pipelines/../results_5.5/3_retrieve_knowledge/3_2_1_chemistry_domain_count_4.jsonl", "rows": 38}
{"input": "/mnt/data1/wangyatong/cross-x/knowledge/pipelines/../results_5.5/2_generate_knowledge_queries/2_1_computer_science_domain_count_2.jsonl", "output": "/mnt/data1/wangyatong/cross-x/knowledge/pipelines/../results_5.5/3_retrieve_knowledge/3_2_1_computer_science_domain_count_2.jsonl", "rows": 30}
{"input": "/mnt/data1/wangyatong/cross-x/knowledge/pipelines/../results_5.5/2_generate_knowledge_queries/2_1_computer_science_domain_count_3.jsonl", "output": "/mnt/data1/wangyatong/cross-x/knowledge/pipelines/../results_5.5/3_retrieve_knowledge/3_2_1_computer_science_domain_count_3.jsonl", "rows": 33}
{"input": "/mnt/data1/wangyatong/cross-x/knowledge/pipelines/../results_5.5/2_generate_knowledge_queries/2_1_computer_science_domain_count_4.jsonl", "output": "/mnt/data1/wangyatong/cross-x/knowledge/pipelines/../results_5.5/3_retrieve_knowledge/3_2_1_computer_science_domain_count_4.jsonl", "rows": 36}
{"input": "/mnt/data1/wangyatong/cross-x/knowledge/pipelines/../results_5.5/2_generate_knowledge_queries/2_1_financial_domain_count_2.jsonl", "output": "/mnt/data1/wangyatong/cross-x/knowledge/pipelines/../results_5.5/3_retrieve_knowledge/3_2_1_financial_domain_count_2.jsonl", "rows": 32}
{"input": "/mnt/data1/wangyatong/cross-x/knowledge/pipelines/../results_5.5/2_generate_knowledge_queries/2_1_financial_domain_count_3.jsonl", "output": "/mnt/data1/wangyatong/cross-x/knowledge/pipelines/../results_5.5/3_retrieve_knowledge/3_2_1_financial_domain_count_3.jsonl", "rows": 30}
{"input": "/mnt/data1/wangyatong/cross-x/knowledge/pipelines/../results_5.5/2_generate_knowledge_queries/2_1_financial_domain_count_4.jsonl", "output": "/mnt/data1/wangyatong/cross-x/knowledge/pipelines/../results_5.5/3_retrieve_knowledge/3_2_1_financial_domain_count_4.jsonl", "rows": 38}
{"input": "/mnt/data1/wangyatong/cross-x/knowledge/pipelines/../results_5.5/2_generate_knowledge_queries/2_1_geography_domain_count_2.jsonl", "output": "/mnt/data1/wangyatong/cross-x/knowledge/pipelines/../results_5.5/3_retrieve_knowledge/3_2_1_geography_domain_count_2.jsonl", "rows": 41}
{"input": "/mnt/data1/wangyatong/cross-x/knowledge/pipelines/../results_5.5/2_generate_knowledge_queries/2_1_geography_domain_count_3.jsonl", "output": "/mnt/data1/wangyatong/cross-x/knowledge/pipelines/../results_5.5/3_retrieve_knowledge/3_2_1_geography_domain_count_3.jsonl", "rows": 35}
{"input": "/mnt/data1/wangyatong/cross-x/knowledge/pipelines/../results_5.5/2_generate_knowledge_queries/2_1_geography_domain_count_4.jsonl", "output": "/mnt/data1/wangyatong/cross-x/knowledge/pipelines/../results_5.5/3_retrieve_knowledge/3_2_1_geography_domain_count_4.jsonl", "rows": 39}
{"input": "/mnt/data1/wangyatong/cross-x/knowledge/pipelines/../results_5.5/2_generate_knowledge_queries/2_1_legal_domain_count_2.jsonl", "output": "/mnt/data1/wangyatong/cross-x/knowledge/pipelines/../results_5.5/3_retrieve_knowledge/3_2_1_legal_domain_count_2.jsonl", "rows": 31}
{"input": "/mnt/data1/wangyatong/cross-x/knowledge/pipelines/../results_5.5/2_generate_knowledge_queries/2_1_legal_domain_count_3.jsonl", "output": "/mnt/data1/wangyatong/cross-x/knowledge/pipelines/../results_5.5/3_retrieve_knowledge/3_2_1_legal_domain_count_3.jsonl", "rows": 30}
{"input": "/mnt/data1/wangyatong/cross-x/knowledge/pipelines/../results_5.5/2_generate_knowledge_queries/2_1_legal_domain_count_4.jsonl", "output": "/mnt/data1/wangyatong/cross-x/knowledge/pipelines/../results_5.5/3_retrieve_knowledge/3_2_1_legal_domain_count_4.jsonl", "rows": 34}
{"input": "/mnt/data1/wangyatong/cross-x/knowledge/pipelines/../results_5.5/2_generate_knowledge_queries/2_1_mathematics_domain_count_2.jsonl", "output": "/mnt/data1/wangyatong/cross-x/knowledge/pipelines/../results_5.5/3_retrieve_knowledge/3_2_1_mathematics_domain_count_2.jsonl", "rows": 37}
{"input": "/mnt/data1/wangyatong/cross-x/knowledge/pipelines/../results_5.5/2_generate_knowledge_queries/2_1_mathematics_domain_count_3.jsonl", "output": "/mnt/data1/wangyatong/cross-x/knowledge/pipelines/../results_5.5/3_retrieve_knowledge/3_2_1_mathematics_domain_count_3.jsonl", "rows": 31}
{"input": "/mnt/data1/wangyatong/cross-x/knowledge/pipelines/../results_5.5/2_generate_knowledge_queries/2_1_mathematics_domain_count_4.jsonl", "output": "/mnt/data1/wangyatong/cross-x/knowledge/pipelines/../results_5.5/3_retrieve_knowledge/3_2_1_mathematics_domain_count_4.jsonl", "rows": 34}
{"input": "/mnt/data1/wangyatong/cross-x/knowledge/pipelines/../results_5.5/2_generate_knowledge_queries/2_1_medical_domain_count_2.jsonl", "output": "/mnt/data1/wangyatong/cross-x/knowledge/pipelines/../results_5.5/3_retrieve_knowledge/3_2_1_medical_domain_count_2.jsonl", "rows": 35}
{"input": "/mnt/data1/wangyatong/cross-x/knowledge/pipelines/../results_5.5/2_generate_knowledge_queries/2_1_medical_domain_count_3.jsonl", "output": "/mnt/data1/wangyatong/cross-x/knowledge/pipelines/../results_5.5/3_retrieve_knowledge/3_2_1_medical_domain_count_3.jsonl", "rows": 30}
{"input": "/mnt/data1/wangyatong/cross-x/knowledge/pipelines/../results_5.5/2_generate_knowledge_queries/2_1_medical_domain_count_4.jsonl", "output": "/mnt/data1/wangyatong/cross-x/knowledge/pipelines/../results_5.5/3_retrieve_knowledge/3_2_1_medical_domain_count_4.jsonl", "rows": 37}
Loaded saved medical: 10823 samples, 10823 vectors
2_1_chemistry_domain_count_2.jsonl: retrieved 1
Loaded saved legal: 56865 samples, 56899 vectors
2_1_chemistry_domain_count_2.jsonl: retrieved 2
Loaded saved mathematics: 1022 samples, 1022 vectors
2_1_chemistry_domain_count_2.jsonl: retrieved 3
2_1_chemistry_domain_count_2.jsonl: retrieved 4
2_1_chemistry_domain_count_2.jsonl: retrieved 5
Loaded saved computer_science: 1864 samples, 1864 vectors
2_1_chemistry_domain_count_2.jsonl: retrieved 6
2_1_chemistry_domain_count_2.jsonl: retrieved 7
2_1_chemistry_domain_count_2.jsonl: retrieved 8
2_1_chemistry_domain_count_2.jsonl: retrieved 9
2_1_chemistry_domain_count_2.jsonl: retrieved 10
2_1_chemistry_domain_count_2.jsonl: retrieved 11
2_1_chemistry_domain_count_2.jsonl: retrieved 12
2_1_chemistry_domain_count_2.jsonl: retrieved 13
2_1_chemistry_domain_count_2.jsonl: retrieved 14
2_1_chemistry_domain_count_2.jsonl: retrieved 15
2_1_chemistry_domain_count_2.jsonl: retrieved 16
2_1_chemistry_domain_count_2.jsonl: retrieved 17
2_1_chemistry_domain_count_2.jsonl: retrieved 18
2_1_chemistry_domain_count_2.jsonl: retrieved 19
2_1_chemistry_domain_count_2.jsonl: retrieved 20
Loaded saved geography: 1840 samples, 1873 vectors
2_1_chemistry_domain_count_3.jsonl: retrieved 1
2_1_chemistry_domain_count_3.jsonl: retrieved 2
2_1_chemistry_domain_count_3.jsonl: retrieved 3
Loaded saved financial: 1023 samples, 1023 vectors
2_1_chemistry_domain_count_3.jsonl: retrieved 4
2_1_chemistry_domain_count_3.jsonl: retrieved 5
2_1_chemistry_domain_count_3.jsonl: retrieved 6
2_1_chemistry_domain_count_3.jsonl: retrieved 7
2_1_chemistry_domain_count_3.jsonl: retrieved 8
2_1_chemistry_domain_count_3.jsonl: retrieved 9
2_1_chemistry_domain_count_3.jsonl: retrieved 10
2_1_chemistry_domain_count_3.jsonl: retrieved 11
2_1_chemistry_domain_count_3.jsonl: retrieved 12
2_1_chemistry_domain_count_3.jsonl: retrieved 13
2_1_chemistry_domain_count_3.jsonl: retrieved 14
2_1_chemistry_domain_count_3.jsonl: retrieved 15
2_1_chemistry_domain_count_3.jsonl: retrieved 16
2_1_chemistry_domain_count_3.jsonl: retrieved 17
2_1_chemistry_domain_count_3.jsonl: retrieved 18
2_1_chemistry_domain_count_3.jsonl: retrieved 19
2_1_chemistry_domain_count_3.jsonl: retrieved 20
2_1_chemistry_domain_count_3.jsonl: retrieved 21
2_1_chemistry_domain_count_3.jsonl: retrieved 22
2_1_chemistry_domain_count_3.jsonl: retrieved 23
2_1_chemistry_domain_count_3.jsonl: retrieved 24
2_1_chemistry_domain_count_3.jsonl: retrieved 25
2_1_chemistry_domain_count_3.jsonl: retrieved 26
2_1_chemistry_domain_count_3.jsonl: retrieved 27
2_1_chemistry_domain_count_4.jsonl: retrieved 1
2_1_chemistry_domain_count_4.jsonl: retrieved 2
2_1_chemistry_domain_count_4.jsonl: retrieved 3
2_1_chemistry_domain_count_4.jsonl: retrieved 4
2_1_chemistry_domain_count_4.jsonl: retrieved 5
2_1_chemistry_domain_count_4.jsonl: retrieved 6
2_1_chemistry_domain_count_4.jsonl: retrieved 7
2_1_chemistry_domain_count_4.jsonl: retrieved 8
2_1_chemistry_domain_count_4.jsonl: retrieved 9
2_1_chemistry_domain_count_4.jsonl: retrieved 10
2_1_chemistry_domain_count_4.jsonl: retrieved 11
2_1_chemistry_domain_count_4.jsonl: retrieved 12
2_1_chemistry_domain_count_4.jsonl: retrieved 13
2_1_chemistry_domain_count_4.jsonl: retrieved 14
2_1_chemistry_domain_count_4.jsonl: retrieved 15
2_1_chemistry_domain_count_4.jsonl: retrieved 16
2_1_chemistry_domain_count_4.jsonl: retrieved 17
2_1_chemistry_domain_count_4.jsonl: retrieved 18
2_1_chemistry_domain_count_4.jsonl: retrieved 19
2_1_chemistry_domain_count_4.jsonl: retrieved 20
2_1_chemistry_domain_count_4.jsonl: retrieved 21
2_1_computer_science_domain_count_2.jsonl: retrieved 1
2_1_computer_science_domain_count_2.jsonl: retrieved 2
2_1_computer_science_domain_count_2.jsonl: retrieved 3
2_1_computer_science_domain_count_2.jsonl: retrieved 4
2_1_computer_science_domain_count_2.jsonl: retrieved 5
2_1_computer_science_domain_count_2.jsonl: retrieved 6
2_1_computer_science_domain_count_2.jsonl: retrieved 7
2_1_computer_science_domain_count_2.jsonl: retrieved 8
2_1_computer_science_domain_count_2.jsonl: retrieved 9
2_1_computer_science_domain_count_3.jsonl: retrieved 1
2_1_computer_science_domain_count_3.jsonl: retrieved 2
Loaded saved chemistry: 2222 samples, 2222 vectors
2_1_computer_science_domain_count_3.jsonl: retrieved 3
2_1_computer_science_domain_count_3.jsonl: retrieved 4
2_1_computer_science_domain_count_3.jsonl: retrieved 5
2_1_computer_science_domain_count_3.jsonl: retrieved 6
2_1_computer_science_domain_count_3.jsonl: retrieved 7
2_1_computer_science_domain_count_3.jsonl: retrieved 8
2_1_computer_science_domain_count_3.jsonl: retrieved 9
2_1_computer_science_domain_count_3.jsonl: retrieved 10
2_1_computer_science_domain_count_3.jsonl: retrieved 11
2_1_computer_science_domain_count_3.jsonl: retrieved 12
2_1_computer_science_domain_count_3.jsonl: retrieved 13
2_1_computer_science_domain_count_4.jsonl: retrieved 1
2_1_computer_science_domain_count_4.jsonl: retrieved 2
2_1_computer_science_domain_count_4.jsonl: retrieved 3
2_1_computer_science_domain_count_4.jsonl: retrieved 4
2_1_computer_science_domain_count_4.jsonl: retrieved 5
2_1_computer_science_domain_count_4.jsonl: retrieved 6
2_1_computer_science_domain_count_4.jsonl: retrieved 7
2_1_computer_science_domain_count_4.jsonl: retrieved 8
2_1_computer_science_domain_count_4.jsonl: retrieved 9
2_1_computer_science_domain_count_4.jsonl: retrieved 10
2_1_computer_science_domain_count_4.jsonl: retrieved 11
2_1_computer_science_domain_count_4.jsonl: retrieved 12
2_1_financial_domain_count_2.jsonl: retrieved 1
2_1_financial_domain_count_2.jsonl: retrieved 2
2_1_financial_domain_count_2.jsonl: retrieved 3
2_1_financial_domain_count_2.jsonl: retrieved 4
2_1_financial_domain_count_2.jsonl: retrieved 5
2_1_financial_domain_count_2.jsonl: retrieved 6
2_1_financial_domain_count_2.jsonl: retrieved 7
2_1_financial_domain_count_2.jsonl: retrieved 8
2_1_financial_domain_count_2.jsonl: retrieved 9
2_1_financial_domain_count_2.jsonl: retrieved 10
2_1_financial_domain_count_2.jsonl: retrieved 11
2_1_financial_domain_count_2.jsonl: retrieved 12
2_1_financial_domain_count_2.jsonl: retrieved 13
2_1_financial_domain_count_2.jsonl: retrieved 14
2_1_financial_domain_count_2.jsonl: retrieved 15
2_1_financial_domain_count_2.jsonl: retrieved 16
2_1_financial_domain_count_2.jsonl: retrieved 17
2_1_financial_domain_count_2.jsonl: retrieved 18
2_1_financial_domain_count_3.jsonl: retrieved 1
2_1_financial_domain_count_3.jsonl: retrieved 2
2_1_financial_domain_count_3.jsonl: retrieved 3
2_1_financial_domain_count_3.jsonl: retrieved 4
2_1_financial_domain_count_3.jsonl: retrieved 5
2_1_financial_domain_count_3.jsonl: retrieved 6
2_1_financial_domain_count_3.jsonl: retrieved 7
2_1_financial_domain_count_3.jsonl: retrieved 8
2_1_financial_domain_count_3.jsonl: retrieved 9
2_1_financial_domain_count_3.jsonl: retrieved 10
2_1_financial_domain_count_3.jsonl: retrieved 11
2_1_financial_domain_count_3.jsonl: retrieved 12
2_1_financial_domain_count_3.jsonl: retrieved 13
2_1_financial_domain_count_3.jsonl: retrieved 14
2_1_financial_domain_count_3.jsonl: retrieved 15
2_1_financial_domain_count_3.jsonl: retrieved 16
2_1_financial_domain_count_3.jsonl: retrieved 17
2_1_financial_domain_count_3.jsonl: retrieved 18
2_1_financial_domain_count_3.jsonl: retrieved 19
2_1_financial_domain_count_3.jsonl: retrieved 20
2_1_financial_domain_count_3.jsonl: retrieved 21
2_1_financial_domain_count_3.jsonl: retrieved 22
2_1_financial_domain_count_4.jsonl: retrieved 1
2_1_financial_domain_count_4.jsonl: retrieved 2
2_1_financial_domain_count_4.jsonl: retrieved 3
2_1_financial_domain_count_4.jsonl: retrieved 4
2_1_financial_domain_count_4.jsonl: retrieved 5
2_1_financial_domain_count_4.jsonl: retrieved 6
2_1_financial_domain_count_4.jsonl: retrieved 7
2_1_financial_domain_count_4.jsonl: retrieved 8
2_1_financial_domain_count_4.jsonl: retrieved 9
2_1_financial_domain_count_4.jsonl: retrieved 10
2_1_financial_domain_count_4.jsonl: retrieved 11
2_1_financial_domain_count_4.jsonl: retrieved 12
2_1_financial_domain_count_4.jsonl: retrieved 13
2_1_financial_domain_count_4.jsonl: retrieved 14
2_1_financial_domain_count_4.jsonl: retrieved 15
2_1_financial_domain_count_4.jsonl: retrieved 16
2_1_geography_domain_count_2.jsonl: retrieved 1
2_1_geography_domain_count_2.jsonl: retrieved 2
2_1_geography_domain_count_2.jsonl: retrieved 3
2_1_geography_domain_count_2.jsonl: retrieved 4
2_1_geography_domain_count_2.jsonl: retrieved 5
2_1_geography_domain_count_2.jsonl: retrieved 6
2_1_geography_domain_count_2.jsonl: retrieved 7
2_1_geography_domain_count_2.jsonl: retrieved 8
2_1_geography_domain_count_2.jsonl: retrieved 9
2_1_geography_domain_count_2.jsonl: retrieved 10
2_1_geography_domain_count_2.jsonl: retrieved 11
2_1_geography_domain_count_2.jsonl: retrieved 12
2_1_geography_domain_count_2.jsonl: retrieved 13
2_1_geography_domain_count_2.jsonl: retrieved 14
2_1_geography_domain_count_2.jsonl: retrieved 15
2_1_geography_domain_count_2.jsonl: retrieved 16
2_1_geography_domain_count_2.jsonl: retrieved 17
2_1_geography_domain_count_3.jsonl: retrieved 1
2_1_geography_domain_count_3.jsonl: retrieved 2
2_1_geography_domain_count_3.jsonl: retrieved 3
2_1_geography_domain_count_3.jsonl: retrieved 4
2_1_geography_domain_count_3.jsonl: retrieved 5
2_1_geography_domain_count_3.jsonl: retrieved 6
2_1_geography_domain_count_3.jsonl: retrieved 7
2_1_geography_domain_count_3.jsonl: retrieved 8
2_1_geography_domain_count_3.jsonl: retrieved 9
2_1_geography_domain_count_3.jsonl: retrieved 10
2_1_geography_domain_count_3.jsonl: retrieved 11
2_1_geography_domain_count_3.jsonl: retrieved 12
2_1_geography_domain_count_3.jsonl: retrieved 13
2_1_geography_domain_count_3.jsonl: retrieved 14
2_1_geography_domain_count_3.jsonl: retrieved 15
2_1_geography_domain_count_3.jsonl: retrieved 16
2_1_geography_domain_count_3.jsonl: retrieved 17
2_1_geography_domain_count_3.jsonl: retrieved 18
2_1_geography_domain_count_3.jsonl: retrieved 19
2_1_geography_domain_count_3.jsonl: retrieved 20
2_1_geography_domain_count_4.jsonl: retrieved 1
2_1_geography_domain_count_4.jsonl: retrieved 2
2_1_geography_domain_count_4.jsonl: retrieved 3
2_1_geography_domain_count_4.jsonl: retrieved 4
2_1_geography_domain_count_4.jsonl: retrieved 5
2_1_geography_domain_count_4.jsonl: retrieved 6
2_1_geography_domain_count_4.jsonl: retrieved 7
2_1_geography_domain_count_4.jsonl: retrieved 8
2_1_geography_domain_count_4.jsonl: retrieved 9
2_1_geography_domain_count_4.jsonl: retrieved 10
2_1_geography_domain_count_4.jsonl: retrieved 11
2_1_geography_domain_count_4.jsonl: retrieved 12
2_1_geography_domain_count_4.jsonl: retrieved 13
2_1_geography_domain_count_4.jsonl: retrieved 14
2_1_geography_domain_count_4.jsonl: retrieved 15
2_1_geography_domain_count_4.jsonl: retrieved 16
2_1_geography_domain_count_4.jsonl: retrieved 17
2_1_geography_domain_count_4.jsonl: retrieved 18
2_1_geography_domain_count_4.jsonl: retrieved 19
2_1_legal_domain_count_2.jsonl: retrieved 1
2_1_legal_domain_count_2.jsonl: retrieved 2
2_1_legal_domain_count_2.jsonl: retrieved 3
2_1_legal_domain_count_2.jsonl: retrieved 4
2_1_legal_domain_count_2.jsonl: retrieved 5
2_1_legal_domain_count_2.jsonl: retrieved 6
2_1_legal_domain_count_2.jsonl: retrieved 7
2_1_legal_domain_count_2.jsonl: retrieved 8
2_1_legal_domain_count_2.jsonl: retrieved 9
2_1_legal_domain_count_2.jsonl: retrieved 10
2_1_legal_domain_count_2.jsonl: retrieved 11
2_1_legal_domain_count_2.jsonl: retrieved 12
2_1_legal_domain_count_2.jsonl: retrieved 13
2_1_legal_domain_count_3.jsonl: retrieved 1
2_1_legal_domain_count_3.jsonl: retrieved 2
2_1_legal_domain_count_3.jsonl: retrieved 3
2_1_legal_domain_count_3.jsonl: retrieved 4
2_1_legal_domain_count_3.jsonl: retrieved 5
2_1_legal_domain_count_3.jsonl: retrieved 6
2_1_legal_domain_count_3.jsonl: retrieved 7
2_1_legal_domain_count_3.jsonl: retrieved 8
2_1_legal_domain_count_3.jsonl: retrieved 9
2_1_legal_domain_count_3.jsonl: retrieved 10
2_1_legal_domain_count_3.jsonl: retrieved 11
2_1_legal_domain_count_3.jsonl: retrieved 12
2_1_legal_domain_count_3.jsonl: retrieved 13
2_1_legal_domain_count_3.jsonl: retrieved 14
2_1_legal_domain_count_3.jsonl: retrieved 15
2_1_legal_domain_count_4.jsonl: retrieved 1
2_1_legal_domain_count_4.jsonl: retrieved 2
2_1_legal_domain_count_4.jsonl: retrieved 3
2_1_legal_domain_count_4.jsonl: retrieved 4
2_1_legal_domain_count_4.jsonl: retrieved 5
2_1_legal_domain_count_4.jsonl: retrieved 6
2_1_legal_domain_count_4.jsonl: retrieved 7
2_1_legal_domain_count_4.jsonl: retrieved 8
2_1_legal_domain_count_4.jsonl: retrieved 9
2_1_legal_domain_count_4.jsonl: retrieved 10
2_1_legal_domain_count_4.jsonl: retrieved 11
2_1_mathematics_domain_count_2.jsonl: retrieved 1
2_1_mathematics_domain_count_2.jsonl: retrieved 2
2_1_mathematics_domain_count_2.jsonl: retrieved 3
2_1_mathematics_domain_count_2.jsonl: retrieved 4
2_1_mathematics_domain_count_2.jsonl: retrieved 5
2_1_mathematics_domain_count_2.jsonl: retrieved 6
2_1_mathematics_domain_count_2.jsonl: retrieved 7
2_1_mathematics_domain_count_2.jsonl: retrieved 8
2_1_mathematics_domain_count_2.jsonl: retrieved 9
2_1_mathematics_domain_count_2.jsonl: retrieved 10
2_1_mathematics_domain_count_2.jsonl: retrieved 11
2_1_mathematics_domain_count_2.jsonl: retrieved 12
2_1_mathematics_domain_count_2.jsonl: retrieved 13
2_1_mathematics_domain_count_2.jsonl: retrieved 14
2_1_mathematics_domain_count_2.jsonl: retrieved 15
2_1_mathematics_domain_count_2.jsonl: retrieved 16
2_1_mathematics_domain_count_3.jsonl: retrieved 1
2_1_mathematics_domain_count_3.jsonl: retrieved 2
2_1_mathematics_domain_count_3.jsonl: retrieved 3
2_1_mathematics_domain_count_3.jsonl: retrieved 4
2_1_mathematics_domain_count_3.jsonl: retrieved 5
2_1_mathematics_domain_count_3.jsonl: retrieved 6
2_1_mathematics_domain_count_3.jsonl: retrieved 7
2_1_mathematics_domain_count_3.jsonl: retrieved 8
2_1_mathematics_domain_count_3.jsonl: retrieved 9
2_1_mathematics_domain_count_3.jsonl: retrieved 10
2_1_mathematics_domain_count_3.jsonl: retrieved 11
2_1_mathematics_domain_count_3.jsonl: retrieved 12
2_1_mathematics_domain_count_3.jsonl: retrieved 13
2_1_mathematics_domain_count_3.jsonl: retrieved 14
2_1_mathematics_domain_count_3.jsonl: retrieved 15
2_1_mathematics_domain_count_3.jsonl: retrieved 16
2_1_mathematics_domain_count_3.jsonl: retrieved 17
2_1_mathematics_domain_count_3.jsonl: retrieved 18
2_1_mathematics_domain_count_4.jsonl: retrieved 1
2_1_mathematics_domain_count_4.jsonl: retrieved 2
2_1_mathematics_domain_count_4.jsonl: retrieved 3
2_1_mathematics_domain_count_4.jsonl: retrieved 4
2_1_mathematics_domain_count_4.jsonl: retrieved 5
2_1_mathematics_domain_count_4.jsonl: retrieved 6
2_1_mathematics_domain_count_4.jsonl: retrieved 7
2_1_mathematics_domain_count_4.jsonl: retrieved 8
2_1_mathematics_domain_count_4.jsonl: retrieved 9
2_1_mathematics_domain_count_4.jsonl: retrieved 10
2_1_mathematics_domain_count_4.jsonl: retrieved 11
2_1_mathematics_domain_count_4.jsonl: retrieved 12
2_1_mathematics_domain_count_4.jsonl: retrieved 13
2_1_medical_domain_count_2.jsonl: retrieved 1
2_1_medical_domain_count_2.jsonl: retrieved 2
2_1_medical_domain_count_2.jsonl: retrieved 3
2_1_medical_domain_count_2.jsonl: retrieved 4
2_1_medical_domain_count_2.jsonl: retrieved 5
2_1_medical_domain_count_2.jsonl: retrieved 6
2_1_medical_domain_count_2.jsonl: retrieved 7
2_1_medical_domain_count_2.jsonl: retrieved 8
2_1_medical_domain_count_2.jsonl: retrieved 9
2_1_medical_domain_count_2.jsonl: retrieved 10
2_1_medical_domain_count_2.jsonl: retrieved 11
2_1_medical_domain_count_2.jsonl: retrieved 12
2_1_medical_domain_count_2.jsonl: retrieved 13
2_1_medical_domain_count_2.jsonl: retrieved 14
2_1_medical_domain_count_2.jsonl: retrieved 15
2_1_medical_domain_count_2.jsonl: retrieved 16
2_1_medical_domain_count_3.jsonl: retrieved 1
2_1_medical_domain_count_3.jsonl: retrieved 2
2_1_medical_domain_count_3.jsonl: retrieved 3
2_1_medical_domain_count_3.jsonl: retrieved 4
2_1_medical_domain_count_3.jsonl: retrieved 5
2_1_medical_domain_count_3.jsonl: retrieved 6
2_1_medical_domain_count_3.jsonl: retrieved 7
2_1_medical_domain_count_3.jsonl: retrieved 8
2_1_medical_domain_count_3.jsonl: retrieved 9
2_1_medical_domain_count_3.jsonl: retrieved 10
2_1_medical_domain_count_3.jsonl: retrieved 11
2_1_medical_domain_count_3.jsonl: retrieved 12
2_1_medical_domain_count_3.jsonl: retrieved 13
2_1_medical_domain_count_3.jsonl: retrieved 14
2_1_medical_domain_count_3.jsonl: retrieved 15
2_1_medical_domain_count_3.jsonl: retrieved 16
2_1_medical_domain_count_3.jsonl: retrieved 17
2_1_medical_domain_count_3.jsonl: retrieved 18
2_1_medical_domain_count_4.jsonl: retrieved 1
2_1_medical_domain_count_4.jsonl: retrieved 2
2_1_medical_domain_count_4.jsonl: retrieved 3
2_1_medical_domain_count_4.jsonl: retrieved 4
2_1_medical_domain_count_4.jsonl: retrieved 5
2_1_medical_domain_count_4.jsonl: retrieved 6
2_1_medical_domain_count_4.jsonl: retrieved 7
2_1_medical_domain_count_4.jsonl: retrieved 8
2_1_medical_domain_count_4.jsonl: retrieved 9
2_1_medical_domain_count_4.jsonl: retrieved 10
2_1_medical_domain_count_4.jsonl: retrieved 11
2_1_medical_domain_count_4.jsonl: retrieved 12
2_1_medical_domain_count_4.jsonl: retrieved 13
{"input": "/mnt/data1/wangyatong/cross-x/knowledge/pipelines/../results_6/2_generate_knowledge_queries/2_1_chemistry_domain_count_2.jsonl", "output": "/mnt/data1/wangyatong/cross-x/knowledge/pipelines/../results_6/3_retrieve_knowledge/3_2_1_chemistry_domain_count_2.jsonl", "rows": 20}
{"input": "/mnt/data1/wangyatong/cross-x/knowledge/pipelines/../results_6/2_generate_knowledge_queries/2_1_chemistry_domain_count_3.jsonl", "output": "/mnt/data1/wangyatong/cross-x/knowledge/pipelines/../results_6/3_retrieve_knowledge/3_2_1_chemistry_domain_count_3.jsonl", "rows": 27}
{"input": "/mnt/data1/wangyatong/cross-x/knowledge/pipelines/../results_6/2_generate_knowledge_queries/2_1_chemistry_domain_count_4.jsonl", "output": "/mnt/data1/wangyatong/cross-x/knowledge/pipelines/../results_6/3_retrieve_knowledge/3_2_1_chemistry_domain_count_4.jsonl", "rows": 21}
{"input": "/mnt/data1/wangyatong/cross-x/knowledge/pipelines/../results_6/2_generate_knowledge_queries/2_1_computer_science_domain_count_2.jsonl", "output": "/mnt/data1/wangyatong/cross-x/knowledge/pipelines/../results_6/3_retrieve_knowledge/3_2_1_computer_science_domain_count_2.jsonl", "rows": 9}
{"input": "/mnt/data1/wangyatong/cross-x/knowledge/pipelines/../results_6/2_generate_knowledge_queries/2_1_computer_science_domain_count_3.jsonl", "output": "/mnt/data1/wangyatong/cross-x/knowledge/pipelines/../results_6/3_retrieve_knowledge/3_2_1_computer_science_domain_count_3.jsonl", "rows": 13}
{"input": "/mnt/data1/wangyatong/cross-x/knowledge/pipelines/../results_6/2_generate_knowledge_queries/2_1_computer_science_domain_count_4.jsonl", "output": "/mnt/data1/wangyatong/cross-x/knowledge/pipelines/../results_6/3_retrieve_knowledge/3_2_1_computer_science_domain_count_4.jsonl", "rows": 12}
{"input": "/mnt/data1/wangyatong/cross-x/knowledge/pipelines/../results_6/2_generate_knowledge_queries/2_1_financial_domain_count_2.jsonl", "output": "/mnt/data1/wangyatong/cross-x/knowledge/pipelines/../results_6/3_retrieve_knowledge/3_2_1_financial_domain_count_2.jsonl", "rows": 18}
{"input": "/mnt/data1/wangyatong/cross-x/knowledge/pipelines/../results_6/2_generate_knowledge_queries/2_1_financial_domain_count_3.jsonl", "output": "/mnt/data1/wangyatong/cross-x/knowledge/pipelines/../results_6/3_retrieve_knowledge/3_2_1_financial_domain_count_3.jsonl", "rows": 22}
{"input": "/mnt/data1/wangyatong/cross-x/knowledge/pipelines/../results_6/2_generate_knowledge_queries/2_1_financial_domain_count_4.jsonl", "output": "/mnt/data1/wangyatong/cross-x/knowledge/pipelines/../results_6/3_retrieve_knowledge/3_2_1_financial_domain_count_4.jsonl", "rows": 16}
{"input": "/mnt/data1/wangyatong/cross-x/knowledge/pipelines/../results_6/2_generate_knowledge_queries/2_1_geography_domain_count_2.jsonl", "output": "/mnt/data1/wangyatong/cross-x/knowledge/pipelines/../results_6/3_retrieve_knowledge/3_2_1_geography_domain_count_2.jsonl", "rows": 17}
{"input": "/mnt/data1/wangyatong/cross-x/knowledge/pipelines/../results_6/2_generate_knowledge_queries/2_1_geography_domain_count_3.jsonl", "output": "/mnt/data1/wangyatong/cross-x/knowledge/pipelines/../results_6/3_retrieve_knowledge/3_2_1_geography_domain_count_3.jsonl", "rows": 20}
{"input": "/mnt/data1/wangyatong/cross-x/knowledge/pipelines/../results_6/2_generate_knowledge_queries/2_1_geography_domain_count_4.jsonl", "output": "/mnt/data1/wangyatong/cross-x/knowledge/pipelines/../results_6/3_retrieve_knowledge/3_2_1_geography_domain_count_4.jsonl", "rows": 19}
{"input": "/mnt/data1/wangyatong/cross-x/knowledge/pipelines/../results_6/2_generate_knowledge_queries/2_1_legal_domain_count_2.jsonl", "output": "/mnt/data1/wangyatong/cross-x/knowledge/pipelines/../results_6/3_retrieve_knowledge/3_2_1_legal_domain_count_2.jsonl", "rows": 13}
{"input": "/mnt/data1/wangyatong/cross-x/knowledge/pipelines/../results_6/2_generate_knowledge_queries/2_1_legal_domain_count_3.jsonl", "output": "/mnt/data1/wangyatong/cross-x/knowledge/pipelines/../results_6/3_retrieve_knowledge/3_2_1_legal_domain_count_3.jsonl", "rows": 15}
{"input": "/mnt/data1/wangyatong/cross-x/knowledge/pipelines/../results_6/2_generate_knowledge_queries/2_1_legal_domain_count_4.jsonl", "output": "/mnt/data1/wangyatong/cross-x/knowledge/pipelines/../results_6/3_retrieve_knowledge/3_2_1_legal_domain_count_4.jsonl", "rows": 11}
{"input": "/mnt/data1/wangyatong/cross-x/knowledge/pipelines/../results_6/2_generate_knowledge_queries/2_1_mathematics_domain_count_2.jsonl", "output": "/mnt/data1/wangyatong/cross-x/knowledge/pipelines/../results_6/3_retrieve_knowledge/3_2_1_mathematics_domain_count_2.jsonl", "rows": 16}
{"input": "/mnt/data1/wangyatong/cross-x/knowledge/pipelines/../results_6/2_generate_knowledge_queries/2_1_mathematics_domain_count_3.jsonl", "output": "/mnt/data1/wangyatong/cross-x/knowledge/pipelines/../results_6/3_retrieve_knowledge/3_2_1_mathematics_domain_count_3.jsonl", "rows": 18}
{"input": "/mnt/data1/wangyatong/cross-x/knowledge/pipelines/../results_6/2_generate_knowledge_queries/2_1_mathematics_domain_count_4.jsonl", "output": "/mnt/data1/wangyatong/cross-x/knowledge/pipelines/../results_6/3_retrieve_knowledge/3_2_1_mathematics_domain_count_4.jsonl", "rows": 13}
{"input": "/mnt/data1/wangyatong/cross-x/knowledge/pipelines/../results_6/2_generate_knowledge_queries/2_1_medical_domain_count_2.jsonl", "output": "/mnt/data1/wangyatong/cross-x/knowledge/pipelines/../results_6/3_retrieve_knowledge/3_2_1_medical_domain_count_2.jsonl", "rows": 16}
{"input": "/mnt/data1/wangyatong/cross-x/knowledge/pipelines/../results_6/2_generate_knowledge_queries/2_1_medical_domain_count_3.jsonl", "output": "/mnt/data1/wangyatong/cross-x/knowledge/pipelines/../results_6/3_retrieve_knowledge/3_2_1_medical_domain_count_3.jsonl", "rows": 18}
{"input": "/mnt/data1/wangyatong/cross-x/knowledge/pipelines/../results_6/2_generate_knowledge_queries/2_1_medical_domain_count_4.jsonl", "output": "/mnt/data1/wangyatong/cross-x/knowledge/pipelines/../results_6/3_retrieve_knowledge/3_2_1_medical_domain_count_4.jsonl", "rows": 13}
