line=1 processed=1
line=2 processed=2
line=3 processed=3
line=4 processed=4
line=5 processed=5
line=6 processed=6
line=7 processed=7
line=8 processed=8
line=9 processed=9
line=10 processed=10
{
  "processed": 10,
  "output": "/pfs/ydy/wyt/cross-x/knowledge/pipelines_v2/outputs/0_extract_key_facts_joyrouter/medical/test.jsonl"
}
line=1 processed=1
line=2 processed=2
line=3 processed=3
line=4 processed=4
line=5 processed=5
line=6 processed=6
line=7 processed=7
line=8 processed=8
line=9 processed=9
line=10 processed=10
{
  "processed": 10,
  "output": "/pfs/ydy/wyt/cross-x/knowledge/pipelines_v2/outputs/0_extract_key_facts_joyrouter/legal/test.jsonl"
}
line=1 processed=1
line=2 processed=2
line=3 processed=3
line=4 processed=4
line=5 processed=5
line=6 processed=6
line=7 processed=7
line=8 processed=8
line=9 processed=9
line=10 processed=10
{
  "processed": 10,
  "output": "/pfs/ydy/wyt/cross-x/knowledge/pipelines_v2/outputs/0_extract_key_facts_joyrouter/financial/test.jsonl"
}
line=1 processed=1
line=2 processed=2
line=3 processed=3
line=4 processed=4
line=5 processed=5
line=6 processed=6
line=7 processed=7
line=8 processed=8
line=9 processed=9
line=10 processed=10
{
  "processed": 10,
  "output": "/pfs/ydy/wyt/cross-x/knowledge/pipelines_v2/outputs/0_extract_key_facts_joyrouter/mathematics/test.jsonl"
}
line=1 processed=1
line=2 processed=2
line=3 processed=3
line=4 processed=4
line=5 processed=5
line=6 processed=6
line=7 processed=7
line=8 processed=8
line=9 processed=9
line=10 processed=10
{
  "processed": 10,
  "output": "/pfs/ydy/wyt/cross-x/knowledge/pipelines_v2/outputs/0_extract_key_facts_joyrouter/computer_science/test.jsonl"
}
line=1 processed=1
line=2 processed=2
line=3 processed=3
line=4 processed=4
line=5 processed=5
line=6 processed=6
line=7 processed=7
line=8 processed=8
line=9 processed=9
line=10 processed=10
{
  "processed": 10,
  "output": "/pfs/ydy/wyt/cross-x/knowledge/pipelines_v2/outputs/0_extract_key_facts_joyrouter/geography/test.jsonl"
}
line=1 processed=1
line=2 processed=2
line=3 processed=3
line=4 processed=4
line=5 processed=5
line=6 processed=6
line=7 processed=7
line=8 processed=8
line=9 processed=9
line=10 processed=10
{
  "processed": 10,
  "output": "/pfs/ydy/wyt/cross-x/knowledge/pipelines_v2/outputs/0_extract_key_facts_joyrouter/chemistry/test.jsonl"
}
